../Core/Src/main.c:107:5:main	40	static
../Core/Src/main.c:208:6:SystemClock_Config	88	static
../Core/Src/main.c:249:13:MX_ADC1_Init	24	static
../Core/Src/main.c:301:13:MX_ADC2_Init	24	static
../Core/Src/main.c:353:13:MX_ADC3_Init	24	static
../Core/Src/main.c:405:13:MX_CAN1_Init	8	static
../Core/Src/main.c:442:13:MX_I2C3_Init	8	static
../Core/Src/main.c:476:13:MX_TIM2_Init	48	static
../Core/Src/main.c:525:13:MX_TIM3_Init	48	static
../Core/Src/main.c:574:13:MX_TIM4_Init	32	static
../Core/Src/main.c:622:13:MX_TIM9_Init	40	static
../Core/Src/main.c:664:13:MX_TIM10_Init	40	static
../Core/Src/main.c:710:13:MX_TIM11_Init	40	static
../Core/Src/main.c:756:13:MX_TIM13_Init	40	static
../Core/Src/main.c:802:13:MX_TIM14_Init	40	static
../Core/Src/main.c:848:13:MX_USART2_UART_Init	8	static
../Core/Src/main.c:881:13:MX_USART3_UART_Init	8	static
../Core/Src/main.c:914:13:MX_USART6_UART_Init	8	static
../Core/Src/main.c:945:13:MX_DMA_Init	16	static
../Core/Src/main.c:963:13:MX_GPIO_Init	64	static
../Core/Src/main.c:1131:6:HAL_TIM_PWM_PulseFinishedCallback	16	static
../Core/Src/main.c:1144:6:StartDefaultTask	16	static
../Core/Src/main.c:1163:6:HAL_TIM_PeriodElapsedCallback	16	static
../Core/Src/main.c:1181:6:Error_Handler	4	static,ignoring_inline_asm
