../Core/Src/pitch_motor.c:33:23:pitch_set_direction	16	static
../Core/Src/pitch_motor.c:60:13:pitch_turn_on	8	static
../Core/Src/pitch_motor.c:63:13:pitch_turn_off	8	static
../Core/Src/pitch_motor.c:67:13:pitch_check_home_switch	8	static
../Core/Src/pitch_motor.c:71:24:pitch_mm_to_steps	16	static
../Core/Src/pitch_motor.c:75:17:pitch_get_timer_clock_hz	16	static
../Core/Src/pitch_motor.c:87:17:pitch_calculate_step_frequency	80	static
../Core/Src/pitch_motor.c:108:23:pitch_start_pulses	8	static
../Core/Src/pitch_motor.c:125:16:pitch_init_motor	16	static
../Core/Src/pitch_motor.c:155:16:pitch_stop	16	static
../Core/Src/pitch_motor.c:171:16:pitch_set_step_frequency	24	static
../Core/Src/pitch_motor.c:197:16:pitch_home	16	static
../Core/Src/pitch_motor.c:263:16:pitch_get_current_position	16	static
../Core/Src/pitch_motor.c:272:16:pitch_get_state	4	static
../Core/Src/pitch_motor.c:276:6:pitch_enter_recovery	16	static
../Core/Src/pitch_motor.c:285:6:pitch_enter_emergency	8	static
../Core/Src/pitch_motor.c:293:16:pitch_move_to	40	static
../Core/Src/pitch_motor.c:386:6:pitch_handle_pwm_pulse_finished	16	static
